Warning: TTY mode is not supported on Windows platform.

  [37;41;1m FAIL [39;49;22m[39m Tests\Feature\ForumsTest[39m
  [32;1mΓ£ô[39;22m[39m [2mcreate forum with public privacy[22m[39m
  [32;1mΓ£ô[39;22m[39m [2mcreate forum requires authentication[22m[39m
  [32;1mΓ£ô[39;22m[39m [2mcreate forum with valid tags[22m[39m
  [32;1mΓ£ô[39;22m[39m [2mcreate public forum has no forum users entries[22m[39m
  [32;1mΓ£ô[39;22m[39m [2mcreate private forum with users[22m[39m
  [32;1mΓ£ô[39;22m[39m [2mcreate private forum includes creator from request[22m[39m
  [31;1mΓ¿»[39;22m[39m [2mcreate private forum returns allowed users in response[22m[39m
  [31;1mΓ¿»[39;22m[39m [2mupdate forum change privacy from public to private[22m[39m
  [32;1mΓ£ô[39;22m[39m [2mupdate private forum removes users not in new list[22m[39m
  [32;1mΓ£ô[39;22m[39m [2mupdate forum privacy to public does not remove forum users[22m[39m
  [32;1mΓ£ô[39;22m[39m [2mget all returns public forums for unauthenticated[22m[39m
  [32;1mΓ£ô[39;22m[39m [2mget all returns private forum for allowed user[22m[39m
  [32;1mΓ£ô[39;22m[39m [2mget all returns private forum for creator[22m[39m
  [32;1mΓ£ô[39;22m[39m [2mget all excludes private forum for unauthorized user[22m[39m
  [32;1mΓ£ô[39;22m[39m [2mget one returns 404 for private forum without access[22m[39m
  [32;1mΓ£ô[39;22m[39m [2mget one returns 404 without authentication[22m[39m
  [33;1m![39;22m[39m [2mupdate requires  f o r u m  e d i t  t o p i c claim[22m[39m[33m ΓåÆ This test did not perform any assertions  C:\Projects\backend\tests\Feature\ForumsTest.php:432[39m
  [32;1mΓ£ô[39;22m[39m [2mupdate preserves fields when not provided[22m[39m
  [32;1mΓ£ô[39;22m[39m [2mcreate validates required fields[22m[39m
  [32;1mΓ£ô[39;22m[39m [2mforum users relationship returns correct users[22m[39m
  [32;1mΓ£ô[39;22m[39m [2mwelcome endpoint returns sorted by created at[22m[39m

  [2m---[22m

  [31;1mΓÇó Tests\Feature\ForumsTest [39;22m> [31;1mcreate private forum returns allowed users in response[39;22m
  [41;1m PHPUnit\Framework\ExceptionWrapper [49;22m

[39;1m  Undefined array key "allowedUsers"[39;22m

  at [32mC:\Projects\backend\tests\Feature\ForumsTest.php[39m:[32m193[39m
    189Γûò                 'tags' => [],
    190Γûò             ]);
    191Γûò 
    192Γûò         $response->assertStatus(200);
  Γ₧£ 193Γûò         $allowedUsers = $response->json()['allowedUsers'];
    194Γûò         $this->assertNotNull($allowedUsers);
    195Γûò         $this->assertCount(2, $allowedUsers);
    196Γûò     }
    197Γûò

  [33m1   [39m[39;1mC:\Projects\backend\vendor\phpunit\phpunit\phpunit[39;22m:[39;1m107[39;22m
  [90m    PHPUnit\TextUI\Command::main()[39m

  [31;1mΓÇó Tests\Feature\ForumsTest [39;22m> [31;1mupdate forum change privacy from public to private[39;22m
[39;1m  Failed asserting that table [forum_users] matches expected entries count of 2. Entries found: 1.
  .[39;22m

  at [32mC:\Projects\backend\tests\Feature\ForumsTest.php[39m:[32m228[39m
    224Γûò 
    225Γûò         $response->assertStatus(200);
    226Γûò         $forum->refresh();
    227Γûò         $this->assertEquals('private', $forum->privacy);
  Γ₧£ 228Γûò         $this->assertDatabaseCount('forum_users', 2); // creator + user2
    229Γûò     }
    230Γûò 
    231Γûò     public function test_update_private_forum_removes_users_not_in_new_list()
    232Γûò     {

  [33m1   [39m[39;1mC:\Projects\backend\vendor\phpunit\phpunit\phpunit[39;22m:[39;1m107[39;22m
  [90m    PHPUnit\TextUI\Command::main()[39m


  [37;1mTests:  [39;22m[31;1m2 failed[39;22m[39m, [39m[33;1m1 risky[39;22m[39m, [39m[32;1m18 passed[39;22m
  [37;1mTime:   [39;22m[39m5.03s[39m


